// Jest Snapshot v1, https://goo.gl/fbAQLP

exports[`Menu component matches snapshot 1`] = `
<DocumentFragment>
  <div
    class="menu"
    data-testid="menu"
  >
    <ul
      class="menu__list"
    >
      <li
        class="menu__item"
      >
        <a
          href="/"
        >
          Home
        </a>
      </li>
      <li
        class="menu__item"
      >
        <a
          href=""
        >
          About
        </a>
      </li>
      <li
        class="menu__item"
      >
        <a
          href=""
        >
          Shop
        </a>
      </li>
      <li
        class="menu__item"
      >
        <a
          href=""
        >
          Blog
        </a>
      </li>
      <li
        class="menu__item"
      >
        <a
          href=""
        >
          FAQ
        </a>
      </li>
      <li
        class="menu__item"
      >
        <a
          href=""
        >
          Contact
        </a>
      </li>
    </ul>
  </div>
</DocumentFragment>
`;
