// Jest Snapshot v1, https://goo.gl/fbAQLP

exports[`Modal create component matches snapshot 1`] = `
<DocumentFragment>
  <div
    class="modal-create"
    data-testid="modal-create"
    id="bookDeleteModal"
  >
    <div
      class="modal-dialog-modalUpdate"
    >
      <div
        class="modal-content"
      >
        <div
          class="modal-header"
        >
          <h4
            class="modal-heading"
            id="productModalLabel"
          >
            Add New Product Information
          </h4>
        </div>
        <div
          class="modal-body"
        >
          <div
            class="form-control"
          >
            <label
              for=""
            >
              Product name 
              <span
                class="star"
              >
                *
              </span>
            </label>
            <input
              name="name"
              type="text"
              value=""
            />
            <small
              class="form__error"
            />
          </div>
          <div
            class="form-control"
          >
            <label
              for=""
            >
              Description 
              <span
                class="star"
              >
                *
              </span>
            </label>
            <textarea
              class="input__text"
              cols="30"
              data-testid="change-value"
              id=""
              name="description"
              rows="5"
            />
            <small
              class="form__error"
            />
          </div>
          <div
            class="form-control"
          >
            <label
              for=""
            >
              Categories 
              <span
                class="star"
              >
                *
              </span>
            </label>
            <select
              class="form__select"
              name="categoryId"
            >
              <option
                disabled=""
                selected=""
                value=""
              >
                Choose a category ...
              </option>
            </select>
            <small
              class="form__error"
            />
          </div>
          <div
            class="form-control"
            id="form__number"
          >
            <div
              class="form-control"
            >
              <label
                for=""
              >
                Price 
                <span
                  class="star"
                >
                  *
                </span>
              </label>
              <input
                class="input__number"
                min="0"
                name="price"
                type="number"
                value=""
              />
              <small
                class="form__error"
              />
            </div>
            <div
              class="form-control"
            >
              <label
                for=""
              >
                Quantity 
                <span
                  class="star"
                >
                  *
                </span>
              </label>
              <input
                class="input__number"
                min="0"
                name="quantity"
                type="number"
                value=""
              />
              <small
                class="form__error"
              />
            </div>
          </div>
          <div
            class="form-control"
          >
            <div
              class="form__img--list"
            >
              <input
                class="form__input--img"
                data-testid="change-file"
                id="file"
                multiple=""
                name="images"
                type="file"
              />
            </div>
          </div>
        </div>
        <div
          class="modal-footer-modalUpdate"
        >
          <button
            class="btn btn__warning"
          >
            Cancel
          </button>
          <button
            class="btn btn__success"
          >
            Submit
          </button>
        </div>
      </div>
    </div>
  </div>
</DocumentFragment>
`;
