// Jest Snapshot v1, https://goo.gl/fbAQLP

exports[`Product list card component matches snapshot 1`] = `
<DocumentFragment>
  <div
    class="productViewPage"
    data-testid="product-list-card"
  >
    <img
      class="productViewPage__image"
    />
    <div
      class="productViewPage__content"
    >
      <a
        class="productViewPage__link"
        href="/products/1"
      >
        <h2
          class="productViewPage__title"
          data-testid="title-test"
        >
          Cheese cake
        </h2>
      </a>
      <p
        class="productViewPage__description"
        data-testid="text"
      >
        Sed ut perspiciatis unde omnis iste natus error sit voluptatem accusantium doloremque laudantium.
      </p>
      <p
        class="productViewPage__price"
        data-testid="price"
      >
        $20
      </p>
    </div>
  </div>
</DocumentFragment>
`;
