// Jest Snapshot v1, https://goo.gl/fbAQLP

exports[`Product grid view component matches snapshot 1`] = `
<DocumentFragment>
  <div
    class="product__list"
    data-testid="product-gird-view"
  >
    <button
      class="btn btn__add"
      data-testid="open-modal"
    >
      Add new product
    </button>
    <div
      class="product__info"
      data-testid="delete-product"
    />
  </div>
  <button
    class="btn__backToTop"
    data-testid="back-to-top"
  >
    <i
      class="fa fa-arrow-alt-circle-up"
    />
  </button>
  <div />
</DocumentFragment>
`;
