// Jest Snapshot v1, https://goo.gl/fbAQLP

exports[`Product list view component matches snapshot 1`] = `
<DocumentFragment>
  <div
    class="viewProduct__list"
    data-testid="view-product-list"
  >
    <div
      class="viewProduct__item"
    >
      <div
        class="productViewPage"
        data-testid="product-list-card"
      >
        <img
          class="productViewPage__image"
          src="/src/assets/images/products/cheese-cake.jpg"
        />
        <div
          class="productViewPage__content"
        >
          <a
            class="productViewPage__link"
            href="/products/1"
          >
            <h2
              class="productViewPage__title"
              data-testid="title-test"
            >
              Cheese cake
            </h2>
          </a>
          <p
            class="productViewPage__description"
            data-testid="text"
          >
            Sed ut perspiciatis unde omnis iste natus error sit voluptatem accusantium doloremque laudantium.
          </p>
          <p
            class="productViewPage__price"
            data-testid="price"
          >
            $20
          </p>
        </div>
      </div>
    </div>
    <div
      class="viewProduct__item"
    >
      <div
        class="productViewPage"
        data-testid="product-list-card"
      >
        <img
          class="productViewPage__image"
          src="/src/assets/images/products/cheese-cake.jpg"
        />
        <div
          class="productViewPage__content"
        >
          <a
            class="productViewPage__link"
            href="/products/2"
          >
            <h2
              class="productViewPage__title"
              data-testid="title-test"
            >
              Amaretti Cookie
            </h2>
          </a>
          <p
            class="productViewPage__description"
            data-testid="text"
          >
            Sed ut perspiciatis unde omnis iste natus error sit voluptatem accusantium doloremque laudantium.
          </p>
          <p
            class="productViewPage__price"
            data-testid="price"
          >
            $10
          </p>
        </div>
      </div>
    </div>
  </div>
  <a
    class="viewProduct__link"
    href="/products"
  >
    <button
      class="btn btn__secondary"
    >
      VIEW ALL PRODUCTS
    </button>
  </a>
  <button
    class="btn__backToTop"
    data-testid="back-to-top"
  >
    <i
      class="fa fa-arrow-alt-circle-up"
    />
  </button>
  <div />
</DocumentFragment>
`;
