// Jest Snapshot v1, https://goo.gl/fbAQLP

exports[`Modal update component matches snapshot 1`] = `
<DocumentFragment>
  <div
    class="modal-update"
    data-testid="modal-update"
  >
    <div
      class="modal-dialog-modalUpdate"
    >
      <div
        class="modal-content"
      >
        <div
          class="modal-header"
        >
          <h4
            class="modal-heading"
            id="productModalLabel"
          >
            Edit Product Information
          </h4>
        </div>
        <div
          class="modal-body"
        >
          <div
            class="form-control"
          >
            <label
              for=""
            >
              Product name: 
            </label>
            <input
              name="name"
              type="text"
              value="Cheese cake"
            />
            <small
              class="form__error"
            />
          </div>
          <div
            class="form-control"
          >
            <label
              for=""
            >
              Description: 
            </label>
            <textarea
              class="input__text"
              cols="30"
              data-testid="change-value"
              name="description"
              rows="5"
            >
              Sed ut perspiciatis unde omnis iste natus error sit voluptatem accusantium doloremque laudantium.
            </textarea>
            <small
              class="form__error"
            />
          </div>
          <div
            class="form-control"
          >
            <label
              for=""
            >
              Categories: 
            </label>
            <select
              class="form__select"
              name="categoryId"
            />
            <small
              class="form__error"
            />
          </div>
          <div
            class="form-control"
            id="form__number"
          >
            <div
              class="form-control"
            >
              <label
                for=""
              >
                Price: 
              </label>
              <input
                class="input__number"
                min="0"
                name="price"
                type="number"
                value="20"
              />
              <small
                class="form__error"
              />
            </div>
            <div
              class="form-control"
            >
              <label
                for=""
              >
                Quantity: 
              </label>
              <input
                class="input__number"
                min="0"
                name="quantity"
                type="number"
                value="5"
              />
              <small
                class="form__error"
              />
            </div>
          </div>
          <div
            class="form-control"
          >
            <div
              class="form__img--list"
            >
              <input
                class="form__input--img"
                data-testid="change-file"
                id="file"
                multiple=""
                name="images"
                type="file"
              />
            </div>
          </div>
        </div>
        <div
          class="modal-footer-modalUpdate"
        >
          <button
            class="btn btn__warning"
          >
            Cancel
          </button>
          <button
            class="btn btn__success"
          >
            Submit
          </button>
        </div>
      </div>
    </div>
  </div>
</DocumentFragment>
`;
