// Jest Snapshot v1, https://goo.gl/fbAQLP

exports[`Button component matches snapshot 1`] = `
<DocumentFragment>
  <header
    class="header"
    data-testid="header"
  >
    <div
      class="header__logo"
    >
      <a
        data-testid="logo"
        href="/"
      >
        <img
          class="logo"
        />
      </a>
    </div>
    <div
      class="header__about"
    >
      <div
        class="menu"
        data-testid="menu"
      >
        <ul
          class="menu__list"
        >
          <li
            class="menu__item"
          >
            <a
              href="/"
            >
              Home
            </a>
          </li>
          <li
            class="menu__item"
          >
            <a
              href=""
            >
              About
            </a>
          </li>
          <li
            class="menu__item"
          >
            <a
              href=""
            >
              Shop
            </a>
          </li>
          <li
            class="menu__item"
          >
            <a
              href=""
            >
              Blog
            </a>
          </li>
          <li
            class="menu__item"
          >
            <a
              href=""
            >
              FAQ
            </a>
          </li>
          <li
            class="menu__item"
          >
            <a
              href=""
            >
              Contact
            </a>
          </li>
        </ul>
      </div>
      <button
        class="btn btn__primary"
      >
        ORDER ONLINE
      </button>
    </div>
  </header>
  <figure>
    <img
      alt=""
      class="header__img"
    />
  </figure>
</DocumentFragment>
`;
